ERROR - 2026-05-06 06:28:45 --> Error connecting to the database: mysqli_sql_exception: Connection refused in /home/tendry/Documents/GitHub/Regime/system/Database/MySQLi/Connection.php:201
Stack trace:
#0 /home/tendry/Documents/GitHub/Regime/system/Database/MySQLi/Connection.php(201): mysqli->real_connect()
#1 /home/tendry/Documents/GitHub/Regime/system/Database/BaseConnection.php(555): CodeIgniter\Database\MySQLi\Connection->connect()
#2 /home/tendry/Documents/GitHub/Regime/system/Database/BaseConnection.php(795): CodeIgniter\Database\BaseConnection->initialize()
#3 /home/tendry/Documents/GitHub/Regime/system/Database/BaseBuilder.php(1649): CodeIgniter\Database\BaseConnection->query()
#4 /home/tendry/Documents/GitHub/Regime/system/Model.php(295): CodeIgniter\Database\BaseBuilder->get()
#5 /home/tendry/Documents/GitHub/Regime/system/BaseModel.php(714): CodeIgniter\Model->doFirst()
#6 /home/tendry/Documents/GitHub/Regime/app/Controllers/Utilisateur.php(34): CodeIgniter\BaseModel->first()
#8 /home/tendry/Documents/GitHub/Regime/system/CodeIgniter.php(497): CodeIgniter\CodeIgniter->runController()
#9 /home/tendry/Documents/GitHub/Regime/system/CodeIgniter.php(340): CodeIgniter\CodeIgniter->handleRequest()
#10 /home/tendry/Documents/GitHub/Regime/system/Boot.php(417): CodeIgniter\CodeIgniter->run()
#11 /home/tendry/Documents/GitHub/Regime/system/Boot.php(68): CodeIgniter\Boot::runCodeIgniter()
#12 /home/tendry/Documents/GitHub/Regime/public/index.php(59): CodeIgniter\Boot::bootWeb()
#13 {main}

Next CodeIgniter\Database\Exceptions\DatabaseException: Connection refused in /home/tendry/Documents/GitHub/Regime/system/Database/MySQLi/Connection.php:231
Stack trace:
#0 /home/tendry/Documents/GitHub/Regime/system/Database/BaseConnection.php(555): CodeIgniter\Database\MySQLi\Connection->connect()
#1 /home/tendry/Documents/GitHub/Regime/system/Database/BaseConnection.php(795): CodeIgniter\Database\BaseConnection->initialize()
#2 /home/tendry/Documents/GitHub/Regime/system/Database/BaseBuilder.php(1649): CodeIgniter\Database\BaseConnection->query()
#3 /home/tendry/Documents/GitHub/Regime/system/Model.php(295): CodeIgniter\Database\BaseBuilder->get()
#4 /home/tendry/Documents/GitHub/Regime/system/BaseModel.php(714): CodeIgniter\Model->doFirst()
#5 /home/tendry/Documents/GitHub/Regime/app/Controllers/Utilisateur.php(34): CodeIgniter\BaseModel->first()
#6 /home/tendry/Documents/GitHub/Regime/system/CodeIgniter.php(951): App\Controllers\Utilisateur->showLogin()
#7 /home/tendry/Documents/GitHub/Regime/system/CodeIgniter.php(497): CodeIgniter\CodeIgniter->runController()
#8 /home/tendry/Documents/GitHub/Regime/system/CodeIgniter.php(340): CodeIgniter\CodeIgniter->handleRequest()
#9 /home/tendry/Documents/GitHub/Regime/system/Boot.php(417): CodeIgniter\CodeIgniter->run()
#10 /home/tendry/Documents/GitHub/Regime/system/Boot.php(68): CodeIgniter\Boot::runCodeIgniter()
#11 /home/tendry/Documents/GitHub/Regime/public/index.php(59): CodeIgniter\Boot::bootWeb()
#12 {main}
CRITICAL - 2026-05-06 06:28:45 --> CodeIgniter\Database\Exceptions\DatabaseException: Unable to connect to the database.
Main connection [MySQLi]: Connection refused
[Method: GET, Route: /]
in SYSTEMPATH/Database/BaseConnection.php on line 606.
 1 SYSTEMPATH/Database/BaseConnection.php(795): CodeIgniter\Database\BaseConnection->initialize()
 2 SYSTEMPATH/Database/BaseBuilder.php(1649): CodeIgniter\Database\BaseConnection->query()
 3 SYSTEMPATH/Model.php(295): CodeIgniter\Database\BaseBuilder->get()
 4 SYSTEMPATH/BaseModel.php(714): CodeIgniter\Model->doFirst()
 5 APPPATH/Controllers/Utilisateur.php(34): CodeIgniter\BaseModel->first()
 6 SYSTEMPATH/CodeIgniter.php(951): App\Controllers\Utilisateur->showLogin()
 7 SYSTEMPATH/CodeIgniter.php(497): CodeIgniter\CodeIgniter->runController()
 8 SYSTEMPATH/CodeIgniter.php(340): CodeIgniter\CodeIgniter->handleRequest()
 9 SYSTEMPATH/Boot.php(417): CodeIgniter\CodeIgniter->run()
10 SYSTEMPATH/Boot.php(68): CodeIgniter\Boot::runCodeIgniter()
11 FCPATH/index.php(59): CodeIgniter\Boot::bootWeb()
ERROR - 2026-05-06 06:31:29 --> Error connecting to the database: mysqli_sql_exception: Connection refused in /home/tendry/Documents/GitHub/Regime/system/Database/MySQLi/Connection.php:201
Stack trace:
#0 /home/tendry/Documents/GitHub/Regime/system/Database/MySQLi/Connection.php(201): mysqli->real_connect()
#1 /home/tendry/Documents/GitHub/Regime/system/Database/BaseConnection.php(555): CodeIgniter\Database\MySQLi\Connection->connect()
#2 /home/tendry/Documents/GitHub/Regime/system/Database/BaseConnection.php(795): CodeIgniter\Database\BaseConnection->initialize()
#3 /home/tendry/Documents/GitHub/Regime/system/Database/BaseBuilder.php(1649): CodeIgniter\Database\BaseConnection->query()
#4 /home/tendry/Documents/GitHub/Regime/system/Model.php(295): CodeIgniter\Database\BaseBuilder->get()
#5 /home/tendry/Documents/GitHub/Regime/system/BaseModel.php(714): CodeIgniter\Model->doFirst()
#6 /home/tendry/Documents/GitHub/Regime/app/Controllers/Utilisateur.php(34): CodeIgniter\BaseModel->first()
#7 /home/tendry/Documents/GitHub/Regime/system/CodeIgniter.php(951): App\Controllers\Utilisateur->showLogin()
#8 /home/tendry/Documents/GitHub/Regime/system/CodeIgniter.php(497): CodeIgniter\CodeIgniter->runController()
#9 /home/tendry/Documents/GitHub/Regime/system/CodeIgniter.php(340): CodeIgniter\CodeIgniter->handleRequest()
#10 /home/tendry/Documents/GitHub/Regime/system/Boot.php(417): CodeIgniter\CodeIgniter->run()
#11 /home/tendry/Documents/GitHub/Regime/system/Boot.php(68): CodeIgniter\Boot::runCodeIgniter()
#12 /home/tendry/Documents/GitHub/Regime/public/index.php(59): CodeIgniter\Boot::bootWeb()
#13 {main}

Next CodeIgniter\Database\Exceptions\DatabaseException: Connection refused in /home/tendry/Documents/GitHub/Regime/system/Database/MySQLi/Connection.php:231
Stack trace:
#0 /home/tendry/Documents/GitHub/Regime/system/Database/BaseConnection.php(555): CodeIgniter\Database\MySQLi\Connection->connect()
#1 /home/tendry/Documents/GitHub/Regime/system/Database/BaseConnection.php(795): CodeIgniter\Database\BaseConnection->initialize()
#2 /home/tendry/Documents/GitHub/Regime/system/Database/BaseBuilder.php(1649): CodeIgniter\Database\BaseConnection->query()
#3 /home/tendry/Documents/GitHub/Regime/system/Model.php(295): CodeIgniter\Database\BaseBuilder->get()
#4 /home/tendry/Documents/GitHub/Regime/system/BaseModel.php(714): CodeIgniter\Model->doFirst()
#5 /home/tendry/Documents/GitHub/Regime/app/Controllers/Utilisateur.php(34): CodeIgniter\BaseModel->first()
#6 /home/tendry/Documents/GitHub/Regime/system/CodeIgniter.php(951): App\Controllers\Utilisateur->showLogin()
#7 /home/tendry/Documents/GitHub/Regime/system/CodeIgniter.php(497): CodeIgniter\CodeIgniter->runController()
#8 /home/tendry/Documents/GitHub/Regime/system/CodeIgniter.php(340): CodeIgniter\CodeIgniter->handleRequest()
#9 /home/tendry/Documents/GitHub/Regime/system/Boot.php(417): CodeIgniter\CodeIgniter->run()
#10 /home/tendry/Documents/GitHub/Regime/system/Boot.php(68): CodeIgniter\Boot::runCodeIgniter()
#11 /home/tendry/Documents/GitHub/Regime/public/index.php(59): CodeIgniter\Boot::bootWeb()
#12 {main}
CRITICAL - 2026-05-06 06:31:29 --> CodeIgniter\Database\Exceptions\DatabaseException: Unable to connect to the database.
Main connection [MySQLi]: Connection refused
[Method: GET, Route: /]
in SYSTEMPATH/Database/BaseConnection.php on line 606.
 1 SYSTEMPATH/Database/BaseConnection.php(795): CodeIgniter\Database\BaseConnection->initialize()
 2 SYSTEMPATH/Database/BaseBuilder.php(1649): CodeIgniter\Database\BaseConnection->query()
 3 SYSTEMPATH/Model.php(295): CodeIgniter\Database\BaseBuilder->get()
 4 SYSTEMPATH/BaseModel.php(714): CodeIgniter\Model->doFirst()
 5 APPPATH/Controllers/Utilisateur.php(34): CodeIgniter\BaseModel->first()
 6 SYSTEMPATH/CodeIgniter.php(951): App\Controllers\Utilisateur->showLogin()
 7 SYSTEMPATH/CodeIgniter.php(497): CodeIgniter\CodeIgniter->runController()
 8 SYSTEMPATH/CodeIgniter.php(340): CodeIgniter\CodeIgniter->handleRequest()
 9 SYSTEMPATH/Boot.php(417): CodeIgniter\CodeIgniter->run()
10 SYSTEMPATH/Boot.php(68): CodeIgniter\Boot::runCodeIgniter()
11 FCPATH/index.php(59): CodeIgniter\Boot::bootWeb()
